{
  "timestamp": "2024-09-05T05:09:07.116+00:00",
  "path": "/app/invst/nps/api/v1/emailNPSStateme",
  "status": 404,
  "error": "Not Found",
  "message": null,
  "requestId": "646db4e9-1284"
}