{
    "pranNumber": null,
    "existingCustomerFlag": "false",
    "howDidYouHearAboutNPS": null,
    "pregeneratedPranFlag": null,
    "remarks": null,
    "transRefNumber": null,
    "openingDate": null,
    "consentByPOP": null,
    "branchCode": null,
    "branchSolId": null,
    "branchName": null,
    "branchAddressline1": null,
    "branchAddressline2": null,
    "branchAddressline3": null,
    "branchAddressline4": null,
    "branchAddressPincode": null,
    "branchPostoffice": null,
    "branchCityCode": null,
    "branchCity": null,
    "branchDistrictCode": null,
    "branchDistrict": null,
    "branchSubDistrict": null,
    "branchStateCode": null,
    "branchState": null,
    "refId": null,
    "status": "opening",
    "welcomeKitAmount": 50.0,
    "methodOfReceivingCard": "methodOfReceivingCard",
    "tier1GST": "90.00",
    "tier2GST": "360.00",
    "tier1ContriCharge": "2.50",
    "tier2ContriCharge": "10.00",
    "tier1Amount": 500.00,
    "tier2Amount": 2000.00,
    "totalAmountPayable": 3362.50,
    "personalDtl": {
        "title": "Shri",
        "firstName": "Shamsul",
        "lastName": "Ansari",
        "middleName": "Husain",
        "gender": "Male",
        "dateOfBirth": "1998-05-11",
        "placeOfBirth": "Nagpur",
        "countryCodeOfBirth": null,
        "maritalStatus": "U",
        "mobileNumber": "9630728041",
        "email": "William.Turner54@yahoo.com",
        "telephoneWithStdCode": "",
        "fatherFirstName": "Ali",
        "fatherLastName": "Ansari",
        "fatherMiddleName": "Husain",
        "motherFirstName": "Mehmuda",
        "motherLastName": "Begum",
        "motherMiddleName": "Ansari",
        "spouseFirstName": "Sakina",
        "spouseLastName": "Ansari",
        "spouseMiddleName": "Shamsul",
        "displayNameFlag": "M",
        "last4DigitsOfAadhaarNum": "5401",
        "kycVerificationFlag": null,
        "educationQualification": "BA",
        "epranWelcomekitPhyPran": "1",
        "maritalStatusCode": "M",
        "educationQualificationCode": null
    },
    "contactDtl": {
        "addressLine1": "150 Bilal Nagar, Kamptee Road,",
        "addressLine2": "Naka No. 2, Wanjara Layout",
        "cityTownVillage": "Nagpur",
        "district": "Nagpur",
        "addrStateUnionTerritory": "19",
        "addressCountry": "IN",
        "addressPinCode": "440026"
    },
    "bankDtls": {
        "tier1": {
            "accountType": "Savings",
            "bankAccountType": "Savings",
            "bankAccountNumber": "34811874",
            "bankIfscOcde": "WHGK0079728",
            "bankName": null,
            "bankAccountAadharLink": null,
            "cancelledChequeFlag": null,
            "pennyDropVerifByPop": null,
            "numberOfNominees": null,
            "numberOfSchemes": null,
            "sameAsTier1Flag": null
        },
        "tier2": {
            "accountType": "Savings",
            "bankAccountType": "Saving",
            "bankAccountNumber": "24108714",
            "bankIfscOcde": "WHGK0079728",
            "bankName": null,
            "bankAccountAadharLink": null,
            "cancelledChequeFlag": null,
            "pennyDropVerifByPop": null,
            "numberOfNominees": null,
            "numberOfSchemes": null,
            "sameAsTier1Flag": null
        }
    },
    "employmentDtl": {
        "occupation": null,
        "otherDetails": "Student",
        "incomeRange": null,
        "occupationCode": "02",
        "incomeRangeCode": "03"
    },
    "schemeDtls": {
        "tier1Schemes": [
            {
                "accountType": "Tier-1",
                "schemePrefOption": "V",
                "schemeType": "E",
                "pfmId": "PFM001",
                "schemeId": "SM001003",
                "percentageOfInvestment": "20",
                "fundManager": "SBI",
                "schemeName": "UBI",
                "riskProfile": "M"
            },
            {
                "accountType": "Tier-1",
                "schemePrefOption": "V",
                "schemeType": "E",
                "pfmId": "PFM001",
                "schemeId": "SM001004",
                "percentageOfInvestment": "40",
                "fundManager": "SBI",
                "schemeName": "UBI",
                "riskProfile": "M"
            },
            {
                "accountType": "Tier-1",
                "schemePrefOption": "V",
                "schemeType": "E",
                "pfmId": "PFM001",
                "schemeId": "SM001005",
                "percentageOfInvestment": "35",
                "fundManager": "SBI",
                "schemeName": "UBI",
                "riskProfile": "M"
            },
            {
                "accountType": "Tier-1",
                "schemePrefOption": "V",
                "schemeType": "E",
                "pfmId": "PFM001",
                "schemeId": "SM001012",
                "percentageOfInvestment": "5",
                "fundManager": "SBI",
                "schemeName": "UBI",
                "riskProfile": "M"
            }
        ],
        "tier2Schemes": [
            {
                "accountType": "Tier-2",
                "schemePrefOption": "A",
                "schemeType": "C",
                "pfmId": "PFM001",
                "schemeId": "SM001006",
                "percentageOfInvestment": "100",
                "fundManager": null,
                "schemeName": "UBI",
                "riskProfile": "M"
            }
        ]
    },
    "nomineeDtls": {
        "tier1": [
            {
                "firstName": "Mehmudaaaaa",
                "middleName": "Begum",
                "lastName": "Ansari",
                "accountType": null,
                "allocationpercent": "100",
                "relationshipCode": "04",
                "relationship": "Mother",
                "age": null,
                "dateOfBirth": "1994-05-11T16:30:12",
                "addressline1": "150 Bilal Nagar, Wanjara Layout,",
                "addressline2": "Kamptee Road Naka No. 2",
                "addressline3": "Rahemat Nagar",
                "addressline4": "Nagpur",
                "addressPincode": "440026",
                "cityCode": "",
                "city": "Nagpur",
                "districtCode": "",
                "district": "Nagpur",
                "stateCode": "MH",
                "state": "Maharashtra",
                "minorFlag": false,
                "guardianRelationshipCode": null,
                "guardianRelationship": null,
                "guardianFirstName": null,
                "guardianMiddleName": null,
                "guardianLastName": null,
                "guardianDateOfBirth": null,
                "guardianAge": null,
                "guardianAddressline1": null,
                "guardianAddressline2": null,
                "guardianAddressline3": null,
                "guardianAddressline4": null,
                "guardianAddressPincode": null,
                "guardianCityCode": null,
                "guardianCity": null,
                "guardianDistrictCode": null,
                "guardianDistrict": null,
                "guardianStateCode": null,
                "guardianState": null,
                "isSameAddr": null,
                "sameAsUser": null
            }
        ],
        "tier2": [
            {
                "firstName": "Aayat",
                "middleName": "",
                "lastName": "Ansari",
                "accountType": "Tier-2",
                "allocationpercent": "100",
                "relationshipCode": "03",
                "relationship": "Daughter",
                "age": null,
                "dateOfBirth": "2021-05-11T16:30:12",
                "addressline1": "150 Bilal Nagar, Wanjara Layout,",
                "addressline2": "Kamptee Road Naka No. 2",
                "addressline3": "Rahemat Nagar",
                "addressline4": "Nagpur",
                "addressPincode": "440026",
                "cityCode": "",
                "city": "Nagpur",
                "districtCode": "",
                "district": "Nagpur",
                "stateCode": "MH",
                "state": "Maharashtra",
                "minorFlag": true,
                "guardianRelationshipCode": "4",
                "guardianRelationship": "Mother",
                "guardianFirstName": "sham",
                "guardianMiddleName": "asad",
                "guardianLastName": "asd",
                "guardianDateOfBirth": "1967-05-11T16:30:12",
                "guardianAge": "26",
                "guardianAddressline1": "150 Bilal Nagar, Wanjara Layout,",
                "guardianAddressline2": "Kamptee Road Naka No. 2",
                "guardianAddressline3": "Rahemat Nagar",
                "guardianAddressline4": "Nagpur",
                "guardianAddressPincode": "440026",
                "guardianCityCode": "",
                "guardianCity": "Nagpur",
                "guardianDistrictCode": "",
                "guardianDistrict": "Nagpur",
                "guardianStateCode": "MH",
                "guardianState": "Maharashtra",
                "isSameAddr": false,
                "sameAsUser": null
            }
        ]
    },
    "documentDtls": {
        "photoDoc": {
            "name": "39908441721689",
            "type": "photo",
            "url": "46395174/NPS/135820696729_POI_photo.jpeg",
            "uploadIndicator": null,
            "docRefno": "39908441721689"
        },
        "signDoc": {
            "name": "87836380984316",
            "type": "sign",
            "url": "46395174/NPS/135820696729_POI_sign.jpeg",
            "uploadIndicator": null,
            "docRefno": "87836380984316"
        }
    }
}