[
    {
        "errorMessage": "accountNumber must not be null"
    },
    {
        "errorMessage": "numberOfLeaves must not be null"
    }
    
    
]