{
    "chequeLeafs": [
        {
            "chequeLeafNumber": "12000761",
            "chequeStatus": "Stopped"
        },
        {
            "chequeLeafNumber": "12000762",
            "chequeStatus": "Passed"
        },
        {
            "chequeLeafNumber": "12000763",
            "chequeStatus": "Stopped"
        },
        {
            "chequeLeafNumber": "12000764",
            "chequeStatus": "Passed"
        },
        {
            "chequeLeafNumber": "12000765",
            "chequeStatus": "Passed"
        },
        {
            "chequeLeafNumber": "12000766",
            "chequeStatus": "Passed"
        },
        {
            "chequeLeafNumber": "12000767",
            "chequeStatus": "Passed"
        },
        {
            "chequeLeafNumber": "12000768",
            "chequeStatus": "Passed"
        },
        {
            "chequeLeafNumber": "12000769",
            "chequeStatus": "Stopped"
        },
        {
            "chequeLeafNumber": "12000770",
            "chequeStatus": "Destroyed"
        },
        {
            "chequeLeafNumber": "12000771",
            "chequeStatus": "Destroyed"
        },
        {
            "chequeLeafNumber": "12000772",
            "chequeStatus": "Destroyed"
        },
        {
            "chequeLeafNumber": "12000773",
            "chequeStatus": "Destroyed"
        },
        {
            "chequeLeafNumber": "12000774",
            "chequeStatus": "Destroyed"
        },
        {
            "chequeLeafNumber": "12000775",
            "chequeStatus": "Stopped"
        },
        {
            "chequeLeafNumber": "12000776",
            "chequeStatus": "Stopped"
        },
        {
            "chequeLeafNumber": "12000777",
            "chequeStatus": "Stopped"
        },
        {
            "chequeLeafNumber": "12000778",
            "chequeStatus": "Stopped"
        },
        {
            "chequeLeafNumber": "12000779",
            "chequeStatus": "Stopped"
        },
        {
            "chequeLeafNumber": "12000780",
            "chequeStatus": "Stopped"
        },
        {
            "chequeLeafNumber": "12000781",
            "chequeStatus": "Stopped"
        },
        {
            "chequeLeafNumber": "12000782",
            "chequeStatus": "Stopped"
        },
        {
            "chequeLeafNumber": "12000783",
            "chequeStatus": "Stopped"
        },
        {
            "chequeLeafNumber": "12000784",
            "chequeStatus": "Stopped"
        },
        {
            "chequeLeafNumber": "12000785",
            "chequeStatus": "Unused"
        },
        {
            "chequeLeafNumber": "12000786",
            "chequeStatus": "Unused"
        },
        {
            "chequeLeafNumber": "12000787",
            "chequeStatus": "Unused"
        },
        {
            "chequeLeafNumber": "12000788",
            "chequeStatus": "Unused"
        },
        {
            "chequeLeafNumber": "12000789",
            "chequeStatus": "Stopped"
        },
        {
            "chequeLeafNumber": "12000790",
            "chequeStatus": "Unused"
        },
        {
            "chequeLeafNumber": "12000791",
            "chequeStatus": "Unused"
        },
        {
            "chequeLeafNumber": "12000792",
            "chequeStatus": "Unused"
        },
        {
            "chequeLeafNumber": "12000793",
            "chequeStatus": "Unused"
        },
        {
            "chequeLeafNumber": "12000794",
            "chequeStatus": "Unused"
        },
        {
            "chequeLeafNumber": "12000795",
            "chequeStatus": "Stopped"
        },
        {
            "chequeLeafNumber": "12000796",
            "chequeStatus": "Unused"
        },
        {
            "chequeLeafNumber": "12000797",
            "chequeStatus": "Stopped"
        },
        {
            "chequeLeafNumber": "12000798",
            "chequeStatus": "Stopped"
        },
        {
            "chequeLeafNumber": "12000799",
            "chequeStatus": "Unused"
        },
        {
            "chequeLeafNumber": "12000800",
            "chequeStatus": "Unused"
        }
    ]
}