{"error":{"errorCode":null,"errorMessage":"Transaction not permitted to card holder"}}