{
    "error": {
        "errorCode": null,
        "errorMessage": "Invalid cifID"
    }
}