{
    "error": {
        "errorCode": null,
        "errorMessage": "Account number doesn't exist"
    }
}