{
    "error_code": "E00",
    "errordesc": "Enter All Fields"
}