{
    "data": {
        "cif": "254061641",
        "referenceNumber": "AA4835144",
        "amount": 100,
        "creditAccountNumber": "635302010012456",
        "debitAccountNumber": "441002010058664",
        "creditAccountName": null,
        "debitAccountName": null,
        "frequency": "MONTHLY",
        "mode": "WITHINBANK",
        "numberOfTransfer": 12,
        "initialNumberOfTransfers": null,
        "remarks": "TEST RECURRING WITHINBANK",
        "scheduleDate": null,
        "scheduleType": "RECURRING",
        "siStartDate": "2025-07-09T09:29:04.297",
        "siEndDate": "2026-06-09T09:29:04.297",
        "status": "SCHEDULED"
    },
    "success": true,
    "errorMessage": null
}