{
    "errorCode": null,
    "errorMessage": "{\"errorCode\":null,\"errorMessage\":\"multiple points\"}"
}