{
    "email": "SACHINVGHORPADE@GMAIL.COM",
    "message": "Statement sent to SACHINVGHORPADE@GMAIL.COM"
}