{"errorCode":null,"errorMessage":"endDt: must not be blank; startDt: must not be blank; interestType: must not be blank; accountNumber: must not be blank"}