{
    "errorId": "d6586003-6dec-4104-b7ca-971e7fbaf69f",
    "errorAt": "2024-08-02T06:53:49.832952461",
    "errorLocation": null,
    "errors": [
        {
            "code": "BAD_REQUEST",
            "message": "Bad Request",
            "values": null,
            "origmesg": null,
            "errors": null
        }
    ]
}