{
    "cif": "60466771",
    "applNum": "165271536107",
    "source": {
        "acctNum": "000110100142473"
    },
    "accts": [
        {
            "acctNum": "",
            "name": "",
            "acctStatus": {
                "statusFlg": "DRAFT"
            },
            "bankInfo": {
                "address": {
                    "addrLine1": "MALAKPURVILLAGE,DHANORAPOST&TEHSIL,JYOTDHANORA",
                    "addrLine2": "DHANORA",
                    "addrLine3": "",
                    "addrLine4": "",
                    "pinCode": "552160",
                    "cityCode": "",
                    "stateCode": ""
                },
                "branchId": "828220",
                "branchSolId": "28221",
                "branchName": "MALAKPUR",
                "workingDays": "Monday to Friday, 1st, 3rd and 5th Saturday",
                "workingHrs": "10.00 a.m - 4.00 p.m"
            },
            "beneficiary": {
                "fname": "Sampada",
                "mname": "J",
                "lname": "Smith",
                "dob": "2021-02-20",
                "contactInfo": {
                    "postalAddr": {
                        "addrLine1": "New medeline road",
                        "addrLine2": "Opp BKC drive",
                        "addrLine3": "Bandra",
                        "addrLine4": "",
                        "pinCode": "400049",
                        "cityCode": "MUM",
                        "stateCode": "MAH"
                    }
                },
                "birthType": "F",
                "birthOrder": "SECOND",
                "isSameAddr": true
            }
        }
    ],
    "txnId": "",
    "relationWithChild": "Father",
    "birthType": "F",
    "documents": [],
    "message": ""
}