{
    "cif": "634920834",
    "applicationFormNumber": "654721421599",
    "accountNumber": "000110100100848",
    "branchAddressPincode": "123456",
    "branchAddressline1": "123 Main St",
    "branchAddressline2": "Suite 100",
    "branchAddressline3": "Building 4",
    "branchAddressline4": "Tech Park",
    "branchCity": "C001",
    "branchDistrict": null,
    "branchName": "Main Branch",
    "branchPostoffice": null,
    "branchSolId": "31",
    "branchState": "S001",
    "contrubutionFrequency": "Quarterly (3 Months)",
    "contributionPeriod": 20,
    "incomeTaxFlag": true,
    "martialStatus": "y",
    "name": null,
    "nomineeDetail": {
        "firstName": "John Doe",
        "allocationPercent": 100.00,
        "relationship": "spouse",
        "dateOfBirth": "2000-01-01T05:30:00",
        "isSameAddr": true,
        "addressline1": "WING 5 LODHA AMARA",
        "addressline2": "THANE AIR FORCE STATION",
        "addressline3": "THANE AIR FORCE STATION",
        "addressline4": null,
        "addressPincode": "400607",
        "city": "MHAISAL",
        "district": null,
        "stateCode": "MAHARASHTRA",
        "state": "MAHARASHTRA",
        "minorFlag": null,
        "guardianRelationship": null,
        "guardianFirstName": null,
        "guardianDateOfBirth": null,
        "guardianAddressline1": null,
        "guardianAddressline2": null,
        "guardianAddressline": null,
        "guardianAddressline4": null,
        "guardianAddressPincode": null,
        "guardianCity": null,
        "guardianDistrict": null,
        "guardianState": null,
        "isGuardianHasSameAddr": null
    },
    "pensionAmount": 1000,
    "pranNumber": null,
    "premium": 500.00,
    "sourceAccountName": null,
    "sourceAccountNumber": null,
    "personalDetails": {
        "name": "SHIVAM KHATKALE",
        "dateOfBirth": "2000-01-01T05:30:00",
        "gender": "M",
        "mobileNumber": "9987829235",
        "aadharNumber": "773065100935",
        "relationship": null,
        "addressline1": "WING 5 LODHA AMARA",
        "addressline2": "THANE AIR FORCE STATION",
        "addressline3": "THANE AIR FORCE STATION",
        "addressline4": null,
        "addressPincode": "400607",
        "cityCode": "MHAISAL",
        "city": "MHAISAL",
        "districtCode": null,
        "district": null,
        "stateCode": "MAHARASHTRA",
        "state": "MAHARASHTRA",
        "custTitle": "shri"
    },
    "status": "DRAFT",
    "transRefNumber": null,
    "remarks": null
}