{
    "errorId": "373719da-60ca-4c1d-aa55-78b9072a7663",
    "errorAt": "2024-10-01T13:05:14.705607784",
    "errorLocation": null,
    "errors": [
        {
            "code": "400",
            "message": "isAgreedToDebit: must not be null",
            "values": null,
            "origmesg": null,
            "errors": null
        },
        {
            "code": "400",
            "message": "isIncomeTaxPayer: must not be null",
            "values": null,
            "origmesg": null,
            "errors": null
        },
        {
            "code": "400",
            "message": "custTitle: must not be blank",
            "values": null,
            "origmesg": null,
            "errors": null
        },
        {
            "code": "400",
            "message": "custTitle: must not be null",
            "values": null,
            "origmesg": null,
            "errors": null
        },
        {
            "code": "400",
            "message": "isIncomeTaxPayer: must not be blank",
            "values": null,
            "origmesg": null,
            "errors": null
        },
        {
            "code": "400",
            "message": "custTitle: Invalid custTitle, must be one of the allowed values",
            "values": null,
            "origmesg": null,
            "errors": null
        },
        {
            "code": "400",
            "message": "source: must not be null",
            "values": null,
            "origmesg": null,
            "errors": null
        },
        {
            "code": "400",
            "message": "monthlyPensionAmount: Enter valid pension amount",
            "values": null,
            "origmesg": null,
            "errors": null
        },
        {
            "code": "400",
            "message": "customer: must not be null",
            "values": null,
            "origmesg": null,
            "errors": null
        },
        {
            "code": "400",
            "message": "contributionPeriod: must not be null",
            "values": null,
            "origmesg": null,
            "errors": null
        },
        {
            "code": "400",
            "message": "applicationFormNumber: must not be null",
            "values": null,
            "origmesg": null,
            "errors": null
        },
        {
            "code": "400",
            "message": "contrubutionFrequency: must not be null",
            "values": null,
            "origmesg": null,
            "errors": null
        },
        {
            "code": "400",
            "message": "cif: must not be blank",
            "values": null,
            "origmesg": null,
            "errors": null
        },
        {
            "code": "400",
            "message": "applicationFormNumber: must not be blank",
            "values": null,
            "origmesg": null,
            "errors": null
        },
        {
            "code": "400",
            "message": "bankInfo: must not be null",
            "values": null,
            "origmesg": null,
            "errors": null
        },
        {
            "code": "400",
            "message": "monthlyPayablepremium: must not be null",
            "values": null,
            "origmesg": null,
            "errors": null
        },
        {
            "code": "400",
            "message": "monthlyPensionAmount: must not be null",
            "values": null,
            "origmesg": null,
            "errors": null
        },
        {
            "code": "400",
            "message": "cif: must not be null",
            "values": null,
            "origmesg": null,
            "errors": null
        },
        {
            "code": "400",
            "message": "contrubutionFrequency: must not be blank",
            "values": null,
            "origmesg": null,
            "errors": null
        }
    ]
}