{
    "timestamp": "2024-08-05T16:08:58.120+00:00",
    "path": "/v1/credit-card/manage-card/ccmsSetCardCont",
    "status": 404,
    "error": "Not Found",
    "message": null,
    "requestId": "eca35249-952"
}