{
    "timestamp": "2024-08-05T16:45:04.743+00:00",
    "path": "/v1/credit-card/manage-card/txnDet",
    "status": 404,
    "error": "Not Found",
    "message": null,
    "requestId": "1ea3e2db-969"
}