{
    "periodType": "years",
    "transactions": [
        {
            "timeFrame": "FY 24-25",
            "debit": 992.0,
            "credit": 207.0
        }
    ]
}