{
    "errorId": "b6a3dad6-a982-43a5-aca4-0b54daf184c2",
    "errorAt": "2024-08-01T12:08:52.445467085",
    "errorLocation": null,
    "errors": [
        {
            "code": "400",
            "message": "415 UNSUPPORTED_MEDIA_TYPE \"Content type 'application/octet-stream' not supported for bodyType=com.ubi.dbp.investment.ppf.bff.model.TransactionReq\"",
            "values": null,
            "origmesg": null,
            "errors": null
        }
    ]
}