{
    "cif": "2005946706",
    "transRefNumber": "",
    "ppfacctnumber": "520101041229211",
    "remarks": "",
    "maturityDate": "2040-04-01",
    "status": "DRAFT"
}